---
source: src/expr/mod.rs
expression: op
---
{
  "op": "not",
  "children": [
    {
      "op": "equal",
      "children": [
        {
          "op": "column",
          "name": "a",
          "valueType": "string"
        },
        {
          "op": "literal",
          "value": "1",
          "valueType": "string"
        }
      ]
    }
  ]
}
